// Jest Snapshot v1, https://jestjs.io/docs/snapshot-testing

exports[`#zashiki-react-redux/app/components/stages/embark/status/resolved Always renders 1`] = `
<div
  className="embark resolved"
>
  <Stage>
    <form
      action="/embark-stage"
      method="POST"
      onSubmit={[Function]}
    >
      <ErrorSummarySprocket />
      <Pinion>
        <Field>
          <TextCog>
            <div
              className="cog text"
            >
              <TextTitle>
                <label
                  className="title text"
                  htmlFor="MOCK ID"
                >
                  <TextContent>
                    <span
                      className="text-content"
                    >
                      MOCK TITLE
                    </span>
                  </TextContent>
                </label>
              </TextTitle>
              <TextDescription>
                <span
                  className="description text"
                >
                  <TextContent>
                    <span
                      className="text-content"
                    >
                      MOCK DESCRIPTION
                    </span>
                  </TextContent>
                </span>
              </TextDescription>
              <TextErrorMessage />
              <TextField>
                <input
                  className="input text"
                  disabled={false}
                  id="MOCK ID"
                  name="MOCK ID"
                  onChange={[Function]}
                  readOnly={false}
                  required={false}
                  type="text"
                  value=""
                />
              </TextField>
            </div>
          </TextCog>
        </Field>
      </Pinion>
      <button
        type="submit"
      >
        Continue
      </button>
    </form>
  </Stage>
</div>
`;
