// Jest Snapshot v1, https://goo.gl/fbAQLP

exports[`@modernpoacher/zashiki-react-redux/app/components/stages/embark/status/resolved renders 1`] = `
<div
  className="embark resolved"
>
  <Stage
    definition={{}}
    errors={[]}
    onChange={[MockFunction]}
    onSubmit={[MockFunction]}
    response={{}}
  />
</div>
`;
