// Jest Snapshot v1, https://goo.gl/fbAQLP

exports[`#zashiki-react-redux/app/components/stages/alpha/alpha Always renders 1`] = `
<ol>
  <li>
    <Omega>
      <form
        action="/MOCK ALPHA/MOCK OMEGA"
        method="POST"
        onSubmit={[Function]}
      >
        <ErrorSummarySprocket />
        <Pinion>
          <Field>
            <TextCog>
              <div
                className="cog text"
              >
                <TextTitle>
                  <label
                    className="title text"
                    htmlFor="MOCK ID"
                  >
                    <TextContent>
                      <span
                        className="text-content"
                      >
                        MOCK TITLE
                      </span>
                    </TextContent>
                  </label>
                </TextTitle>
                <TextDescription>
                  <span
                    className="description text"
                  >
                    <TextContent>
                      <span
                        className="text-content"
                      >
                        MOCK DESCRIPTION
                      </span>
                    </TextContent>
                  </span>
                </TextDescription>
                <TextErrorMessage />
                <TextField>
                  <input
                    className="input text"
                    disabled={false}
                    id="MOCK ID"
                    name="MOCK ID"
                    onChange={[Function]}
                    readOnly={false}
                    required={false}
                    type="text"
                    value=""
                  />
                </TextField>
              </div>
            </TextCog>
          </Field>
        </Pinion>
        <button
          type="submit"
        >
          Continue
        </button>
      </form>
    </Omega>
  </li>
</ol>
`;
