// Jest Snapshot v1, https://goo.gl/fbAQLP

exports[`@modernpoacher/zashiki-react-redux/app/components/stages/confirm/component \`PENDING\` renders 1`] = `<$default />`;

exports[`@modernpoacher/zashiki-react-redux/app/components/stages/confirm/component \`REJECTED\` renders 1`] = `
<Rejected
  message="MOCK MESSAGE"
  name="MOCK NAME"
/>
`;

exports[`@modernpoacher/zashiki-react-redux/app/components/stages/confirm/component \`RESOLVED\` renders 1`] = `
<Resolved
  definition={
    Object {
      "elements": Object {},
      "meta": Object {},
    }
  }
  onSubmit={[MockFunction]}
  response={Object {}}
/>
`;

exports[`@modernpoacher/zashiki-react-redux/app/components/stages/confirm/component Always renders 1`] = `ShallowWrapper {}`;
