// Jest Snapshot v1, https://goo.gl/fbAQLP

exports[`@modernpoacher/zashiki-react-redux/app/components/stages/omega/status/resolved renders 1`] = `
<div
  className="omega resolved"
>
  <Omega
    definition={Object {}}
    errors={Array []}
    onChange={[MockFunction]}
    onSubmit={[MockFunction]}
    resource={Object {}}
    response={Object {}}
  />
  <withRouter(Connect(Component)) />
</div>
`;
