// Jest Snapshot v1, https://goo.gl/fbAQLP

exports[`#zashiki-react-redux/app/components/stages/alpha/component \`PENDING\` renders 1`] = `
<div
  className="alpha pending"
/>
`;

exports[`#zashiki-react-redux/app/components/stages/alpha/component \`REJECTED\` renders 1`] = `
<div
  className="alpha rejected"
>
  <h2>
    MOCK NAME
  </h2>
  <p>
    MOCK MESSAGE
  </p>
</div>
`;

exports[`#zashiki-react-redux/app/components/stages/alpha/component \`RESOLVED\` renders 1`] = `
<div
  className="alpha resolved"
>
  <Alpha>
    <ol>
      <li>
        <Omega>
          <form
            action="MOCK RESOURCE ROUTE"
            method="POST"
            onSubmit={[Function]}
          >
            <ErrorSummarySprocket />
            <Pinion>
              <Field>
                <TextCog>
                  <div
                    className="cog text"
                  >
                    <TextTitle>
                      <label
                        className="title text"
                        htmlFor="MOCK ID"
                      >
                        <TextContent>
                          <span
                            className="text-content"
                          >
                            MOCK TITLE
                          </span>
                        </TextContent>
                      </label>
                    </TextTitle>
                    <TextDescription>
                      <span
                        className="description text"
                      >
                        <TextContent>
                          <span
                            className="text-content"
                          >
                            MOCK DESCRIPTION
                          </span>
                        </TextContent>
                      </span>
                    </TextDescription>
                    <TextErrorMessage />
                    <TextField>
                      <input
                        className="input text"
                        disabled={false}
                        id="MOCK ID"
                        name="MOCK ID"
                        onChange={[Function]}
                        readOnly={false}
                        required={false}
                        type="text"
                        value=""
                      />
                    </TextField>
                  </div>
                </TextCog>
              </Field>
            </Pinion>
            <button
              type="submit"
            >
              Continue
            </button>
          </form>
        </Omega>
      </li>
    </ol>
  </Alpha>
  <Component>
    <Gears />
  </Component>
</div>
`;

exports[`#zashiki-react-redux/app/components/stages/alpha/component Always renders 1`] = `
<div
  className="alpha resolved"
>
  <Alpha>
    <ol>
      <li>
        <Omega>
          <form
            action="MOCK RESOURCE ROUTE"
            method="POST"
            onSubmit={[Function]}
          >
            <ErrorSummarySprocket />
            <Pinion>
              <Field>
                <TextCog>
                  <div
                    className="cog text"
                  >
                    <TextTitle>
                      <label
                        className="title text"
                        htmlFor="MOCK ID"
                      >
                        <TextContent>
                          <span
                            className="text-content"
                          >
                            MOCK TITLE
                          </span>
                        </TextContent>
                      </label>
                    </TextTitle>
                    <TextDescription>
                      <span
                        className="description text"
                      >
                        <TextContent>
                          <span
                            className="text-content"
                          >
                            MOCK DESCRIPTION
                          </span>
                        </TextContent>
                      </span>
                    </TextDescription>
                    <TextErrorMessage />
                    <TextField>
                      <input
                        className="input text"
                        disabled={false}
                        id="MOCK ID"
                        name="MOCK ID"
                        onChange={[Function]}
                        readOnly={false}
                        required={false}
                        type="text"
                        value=""
                      />
                    </TextField>
                  </div>
                </TextCog>
              </Field>
            </Pinion>
            <button
              type="submit"
            >
              Continue
            </button>
          </form>
        </Omega>
      </li>
    </ol>
  </Alpha>
  <Component>
    <Gears />
  </Component>
</div>
`;
