// Jest Snapshot v1, https://goo.gl/fbAQLP

exports[`#zashiki-react-redux/app/components/stages/debark/status/resolved Always renders 1`] = `
<div
  className="debark resolved"
>
  <Debark>
    <form
      action="/debark-stage"
      method="POST"
      onSubmit={[Function]}
    >
      <Fragment>
        <CheckAnswersSprocket>
          <div
            className="sprocket check-answers"
          >
            <CheckAnswersTitle />
            <CheckAnswersGroup>
              <dl
                className="group check-answers"
              >
                <div
                  className="answer"
                >
                  <AnswerTitle>
                    <dt
                      className="answer-title"
                    >
                      String
                    </dt>
                  </AnswerTitle>
                  <AnswerValue>
                    <dd
                      className="answer-value"
                    >
                      string
                    </dd>
                  </AnswerValue>
                  <ChangeAnswer>
                    <dd
                      className="change-answer"
                    >
                      <MockLink>
                        <a
                          className="mock-link"
                          href="/alpha/omega"
                        >
                          <LinkText>
                            <TextContentWithVisuallyHiddenText>
                              <TextContent>
                                <span
                                  className="text-content"
                                >
                                  Change
                                </span>
                              </TextContent>
                               
                              <VisuallyHiddenText>
                                <span
                                  className="visually-hidden-text"
                                >
                                  string
                                </span>
                              </VisuallyHiddenText>
                            </TextContentWithVisuallyHiddenText>
                          </LinkText>
                        </a>
                      </MockLink>
                    </dd>
                  </ChangeAnswer>
                </div>
                <div
                  className="answer"
                >
                  <AnswerTitle>
                    <dt
                      className="answer-title"
                    >
                      Number
                    </dt>
                  </AnswerTitle>
                  <AnswerValue>
                    <dd
                      className="answer-value"
                    >
                      3
                    </dd>
                  </AnswerValue>
                  <ChangeAnswer>
                    <dd
                      className="change-answer"
                    >
                      <MockLink>
                        <a
                          className="mock-link"
                          href="/alpha/omega"
                        >
                          <LinkText>
                            <TextContentWithVisuallyHiddenText>
                              <TextContent>
                                <span
                                  className="text-content"
                                >
                                  Change
                                </span>
                              </TextContent>
                               
                              <VisuallyHiddenText>
                                <span
                                  className="visually-hidden-text"
                                >
                                  number
                                </span>
                              </VisuallyHiddenText>
                            </TextContentWithVisuallyHiddenText>
                          </LinkText>
                        </a>
                      </MockLink>
                    </dd>
                  </ChangeAnswer>
                </div>
                <div
                  className="answer"
                >
                  <AnswerTitle>
                    <dt
                      className="answer-title"
                    >
                      Boolean
                    </dt>
                  </AnswerTitle>
                  <AnswerValue>
                    <dd
                      className="answer-value"
                    >
                      false
                    </dd>
                  </AnswerValue>
                  <ChangeAnswer>
                    <dd
                      className="change-answer"
                    >
                      <MockLink>
                        <a
                          className="mock-link"
                          href="/alpha/omega"
                        >
                          <LinkText>
                            <TextContentWithVisuallyHiddenText>
                              <TextContent>
                                <span
                                  className="text-content"
                                >
                                  Change
                                </span>
                              </TextContent>
                               
                              <VisuallyHiddenText>
                                <span
                                  className="visually-hidden-text"
                                >
                                  boolean
                                </span>
                              </VisuallyHiddenText>
                            </TextContentWithVisuallyHiddenText>
                          </LinkText>
                        </a>
                      </MockLink>
                    </dd>
                  </ChangeAnswer>
                </div>
                <div
                  className="answer"
                >
                  <AnswerTitle>
                    <dt
                      className="answer-title"
                    >
                      Null
                    </dt>
                  </AnswerTitle>
                  <AnswerValue>
                    <dd
                      className="answer-value"
                    >
                      null
                    </dd>
                  </AnswerValue>
                  <ChangeAnswer>
                    <dd
                      className="change-answer"
                    >
                      <MockLink>
                        <a
                          className="mock-link"
                          href="/alpha/omega"
                        >
                          <LinkText>
                            <TextContentWithVisuallyHiddenText>
                              <TextContent>
                                <span
                                  className="text-content"
                                >
                                  Change
                                </span>
                              </TextContent>
                               
                              <VisuallyHiddenText>
                                <span
                                  className="visually-hidden-text"
                                >
                                  null
                                </span>
                              </VisuallyHiddenText>
                            </TextContentWithVisuallyHiddenText>
                          </LinkText>
                        </a>
                      </MockLink>
                    </dd>
                  </ChangeAnswer>
                </div>
              </dl>
            </CheckAnswersGroup>
          </div>
        </CheckAnswersSprocket>
      </Fragment>
      <Token />
      <button
        type="submit"
      >
        Continue
      </button>
    </form>
  </Debark>
</div>
`;
