// Jest Snapshot v1, https://goo.gl/fbAQLP

exports[`@modernpoacher/zashiki-react-redux/app/components/stages/debark/status/resolved Always renders 1`] = `
<div
  className="debark resolved"
>
  <form
    action="/debark-stage"
    method="POST"
    onSubmit={[Function]}
  >
    <div
      className="sprocket check-answers"
    >
      <dl
        className="group check-answers"
      >
        <div
          className="answer"
        >
          <dt
            className="answer-title"
          >
            String
          </dt>
          <dd
            className="answer-value"
          >
            string
          </dd>
          <dd
            className="change-answer"
          >
            <a
              className="mock-link"
              href="/alpha/omega"
            >
              <span
                className="text-content"
              >
                Change
              </span>
               
              <span
                className="visually-hidden-text"
              >
                string
              </span>
            </a>
          </dd>
        </div>
        <div
          className="answer"
        >
          <dt
            className="answer-title"
          >
            Number
          </dt>
          <dd
            className="answer-value"
          >
            3
          </dd>
          <dd
            className="change-answer"
          >
            <a
              className="mock-link"
              href="/alpha/omega"
            >
              <span
                className="text-content"
              >
                Change
              </span>
               
              <span
                className="visually-hidden-text"
              >
                number
              </span>
            </a>
          </dd>
        </div>
        <div
          className="answer"
        >
          <dt
            className="answer-title"
          >
            Boolean
          </dt>
          <dd
            className="answer-value"
          >
            false
          </dd>
          <dd
            className="change-answer"
          >
            <a
              className="mock-link"
              href="/alpha/omega"
            >
              <span
                className="text-content"
              >
                Change
              </span>
               
              <span
                className="visually-hidden-text"
              >
                boolean
              </span>
            </a>
          </dd>
        </div>
        <div
          className="answer"
        >
          <dt
            className="answer-title"
          >
            Null
          </dt>
          <dd
            className="answer-value"
          >
            null
          </dd>
          <dd
            className="change-answer"
          >
            <a
              className="mock-link"
              href="/alpha/omega"
            >
              <span
                className="text-content"
              >
                Change
              </span>
               
              <span
                className="visually-hidden-text"
              >
                null
              </span>
            </a>
          </dd>
        </div>
      </dl>
    </div>
    <button
      type="submit"
    >
      Continue
    </button>
  </form>
</div>
`;
