// Jest Snapshot v1, https://goo.gl/fbAQLP

exports[`@modernpoacher/zashiki-react-redux/app/components/stages/debark/component \`PENDING\` renders 1`] = `
<div
  className="debark pending"
/>
`;

exports[`@modernpoacher/zashiki-react-redux/app/components/stages/debark/component \`REJECTED\` renders 1`] = `
<div
  className="debark rejected"
>
  <h2>
    MOCK NAME
  </h2>
  <p>
    MOCK MESSAGE
  </p>
</div>
`;

exports[`@modernpoacher/zashiki-react-redux/app/components/stages/debark/component \`RESOLVED\` renders 1`] = `
<div
  className="debark resolved"
>
  <form
    action="/debark-stage"
    method="POST"
    onSubmit={[Function]}
  >
    <button
      type="submit"
    >
      Continue
    </button>
  </form>
</div>
`;

exports[`@modernpoacher/zashiki-react-redux/app/components/stages/debark/component Always renders 1`] = `
<div
  className="debark resolved"
>
  <form
    action="/debark-stage"
    method="POST"
    onSubmit={[Function]}
  >
    <button
      type="submit"
    >
      Continue
    </button>
  </form>
</div>
`;
