// Jest Snapshot v1, https://goo.gl/fbAQLP

exports[`#app/components/stages/debark/component \`PENDING\` renders 1`] = `"MOCK PENDING"`;

exports[`#app/components/stages/debark/component \`REJECTED\` renders 1`] = `"MOCK REJECTED"`;

exports[`#app/components/stages/debark/component \`RESOLVED\` renders 1`] = `"MOCK RESOLVED"`;

exports[`#app/components/stages/debark/component Always Always renders 1`] = `"MOCK RESOLVED"`;
