// Jest Snapshot v1, https://goo.gl/fbAQLP

exports[`#zashiki-react-redux/app/components/stages/embark/stage Always renders 1`] = `
<div
  className="embark"
>
  <Stage>
    <form
      action="/embark-stage"
      method="POST"
      onSubmit={[Function]}
    >
      <ErrorSummarySprocket />
      <Pinion>
        <Field>
          <TextCog>
            <div
              className="cog text"
            >
              <TextTitle />
              <TextDescription />
              <TextErrorMessage />
              <TextField>
                <input
                  className="input text"
                  disabled={false}
                  id="#/"
                  name="#/"
                  onChange={[Function]}
                  readOnly={false}
                  required={false}
                  type="text"
                  value=""
                />
              </TextField>
            </div>
          </TextCog>
        </Field>
      </Pinion>
      <button
        type="submit"
      >
        Continue
      </button>
    </form>
  </Stage>
</div>
`;
