// Jest Snapshot v1, https://goo.gl/fbAQLP

exports[`@modernpoacher/zashiki-react-redux/app/components/stages/embark/stage renders 1`] = `
<div
  className="embark"
>
  <Stage
    definition={
      Object {
        "elements": Object {},
        "meta": Object {},
      }
    }
    errors={Array []}
    onChange={[MockFunction]}
    onSubmit={[MockFunction]}
    response={Object {}}
  />
</div>
`;
