// Jest Snapshot v1, https://jestjs.io/docs/snapshot-testing

exports[`#zashiki-react-redux/app/components/stages/omega/component \`PENDING\` renders 1`] = `
<div
  className="omega pending"
/>
`;

exports[`#zashiki-react-redux/app/components/stages/omega/component \`REJECTED\` renders 1`] = `
<div
  className="omega rejected"
>
  <h2>
    MOCK NAME
  </h2>
  <p>
    MOCK MESSAGE
  </p>
</div>
`;

exports[`#zashiki-react-redux/app/components/stages/omega/component \`RESOLVED\` renders 1`] = `
<div
  className="omega resolved"
>
  <Omega>
    <form
      action="MOCK RESOURCE ROUTE"
      method="POST"
      onSubmit={[Function]}
    >
      <ErrorSummarySprocket />
      <Pinion>
        <Field>
          <TextCog>
            <div
              className="cog text"
            >
              <TextTitle>
                <label
                  className="title text"
                  htmlFor="MOCK ID"
                >
                  <TextContent>
                    <span
                      className="text-content"
                    >
                      MOCK TITLE
                    </span>
                  </TextContent>
                </label>
              </TextTitle>
              <TextDescription>
                <span
                  className="description text"
                >
                  <TextContent>
                    <span
                      className="text-content"
                    >
                      MOCK DESCRIPTION
                    </span>
                  </TextContent>
                </span>
              </TextDescription>
              <TextErrorMessage />
              <TextField>
                <input
                  className="input text"
                  disabled={false}
                  id="MOCK ID"
                  name="MOCK ID"
                  onChange={[Function]}
                  readOnly={false}
                  required={false}
                  type="text"
                  value=""
                />
              </TextField>
            </div>
          </TextCog>
        </Field>
      </Pinion>
      <button
        type="submit"
      >
        Continue
      </button>
    </form>
  </Omega>
  <Component>
    <Gears />
  </Component>
</div>
`;

exports[`#zashiki-react-redux/app/components/stages/omega/component Always renders 1`] = `
<div
  className="omega resolved"
>
  <Omega>
    <form
      action="MOCK RESOURCE ROUTE"
      method="POST"
      onSubmit={[Function]}
    >
      <ErrorSummarySprocket />
      <Pinion>
        <Field>
          <TextCog>
            <div
              className="cog text"
            >
              <TextTitle>
                <label
                  className="title text"
                  htmlFor="MOCK ID"
                >
                  <TextContent>
                    <span
                      className="text-content"
                    >
                      MOCK TITLE
                    </span>
                  </TextContent>
                </label>
              </TextTitle>
              <TextDescription>
                <span
                  className="description text"
                >
                  <TextContent>
                    <span
                      className="text-content"
                    >
                      MOCK DESCRIPTION
                    </span>
                  </TextContent>
                </span>
              </TextDescription>
              <TextErrorMessage />
              <TextField>
                <input
                  className="input text"
                  disabled={false}
                  id="MOCK ID"
                  name="MOCK ID"
                  onChange={[Function]}
                  readOnly={false}
                  required={false}
                  type="text"
                  value=""
                />
              </TextField>
            </div>
          </TextCog>
        </Field>
      </Pinion>
      <button
        type="submit"
      >
        Continue
      </button>
    </form>
  </Omega>
  <Component>
    <Gears />
  </Component>
</div>
`;
