// Jest Snapshot v1, https://goo.gl/fbAQLP

exports[`@modernpoacher/zashiki-react-redux/app/components/stages/omega/component \`PENDING\` renders 1`] = `<$default />`;

exports[`@modernpoacher/zashiki-react-redux/app/components/stages/omega/component \`REJECTED\` renders 1`] = `
<Rejected
  message="MOCK MESSAGE"
  name="MOCK NAME"
/>
`;

exports[`@modernpoacher/zashiki-react-redux/app/components/stages/omega/component \`RESOLVED\` renders 1`] = `
<Resolved
  definition={{}}
  onChange={[MockFunction]}
  onSubmit={[MockFunction]}
  resource={{}}
/>
`;

exports[`@modernpoacher/zashiki-react-redux/app/components/stages/omega/component renders 1`] = `
<Resolved
  definition={{}}
  onChange={[MockFunction]}
  onSubmit={[MockFunction]}
  resource={{}}
/>
`;
