// Jest Snapshot v1, https://goo.gl/fbAQLP

exports[`#zashiki-react-redux/app/components/stages/omega/component \`PENDING\` renders 1`] = `"MOCK PENDING"`;

exports[`#zashiki-react-redux/app/components/stages/omega/component \`REJECTED\` renders 1`] = `"MOCK REJECTED"`;

exports[`#zashiki-react-redux/app/components/stages/omega/component \`RESOLVED\` renders 1`] = `"MOCK RESOLVED"`;

exports[`#zashiki-react-redux/app/components/stages/omega/component Always renders 1`] = `"MOCK RESOLVED"`;
