// Jest Snapshot v1, https://goo.gl/fbAQLP

exports[`#app/components/stages/alpha/stage Always renders 1`] = `
<div
  className="alpha"
>
  <ol>
    <li>
      <form
        action="/MOCK ALPHA/MOCK OMEGA"
        method="POST"
        onSubmit={[Function]}
      >
        <h2 />
        <div
          className="cog text"
        >
          <label
            className="title text"
            htmlFor="MOCK ID"
          >
            <span
              className="text-content"
            >
              MOCK TITLE
            </span>
          </label>
          <input
            className="input text"
            disabled={false}
            id="MOCK ID"
            name="MOCK ID"
            onChange={[Function]}
            readOnly={false}
            required={false}
            type="text"
            value=""
          />
        </div>
        <button
          type="submit"
        >
          Continue
        </button>
      </form>
    </li>
  </ol>
  <ol
    className="mock-gears"
  >
    <li>
      MOCK DEFAULT PATTERN
    </li>
    <li>
      MOCK DEFAULT PATTERN
    </li>
  </ol>
</div>
`;
