// Jest Snapshot v1, https://goo.gl/fbAQLP

exports[`@modernpoacher/zashiki-react-redux/app/components/stages/alpha/stage Always renders 1`] = `
<div
  className="alpha"
>
  <Alpha
    definitions={Array []}
    onChange={[MockFunction]}
    onSubmit={[MockFunction]}
  />
  <withRouter(Connect(Component)) />
</div>
`;
